// Jest Snapshot v1, https://goo.gl/fbAQLP

exports[`should not be visible on app loading should match the snapshot 1`] = `
<div
  className=" container mx-auto"
>
  <strong>
    Loading...
  </strong>
  <div
    aria-hidden="true"
    className="spinner-border ml-auto"
    role="status"
  />
</div>
`;
