// Jest Snapshot v1, https://goo.gl/fbAQLP

exports[`Header Component matches the snapshot 1`] = `
<div
  className="flex m-3 cat-filter"
>
  <h2>
    Select Category:
  </h2>
  <select
    className="filter"
    id="filter"
    onChange={[Function]}
    value="test"
  >
    <option
      value="Beef"
    >
      Beef
    </option>
    <option
      value="Chicken"
    >
      Chicken
    </option>
    <option
      value="Dessert"
    >
      Dessert
    </option>
    <option
      value="Lamb"
    >
      Lamb
    </option>
    <option
      value="Miscellaneous"
    >
      Miscellaneous
    </option>
    <option
      value="Pasta"
    >
      Pasta
    </option>
    <option
      value="Pork"
    >
      Pork
    </option>
    <option
      value="Seafood"
    >
      Seafood
    </option>
    <option
      value="Side"
    >
      Side
    </option>
    <option
      value="Starter"
    >
      Starter
    </option>
    <option
      value="Vegan"
    >
      Vegan
    </option>
    <option
      value="Vegetarian"
    >
      Vegetarian
    </option>
    <option
      value="Breakfast"
    >
      Breakfast
    </option>
    <option
      value="Goat"
    >
      Goat
    </option>
  </select>
</div>
`;
