// Jest Snapshot v1, https://goo.gl/fbAQLP

exports[`Header Component should match snapshot 1`] = `
<div
  className="w-50"
>
  <img
    alt="testing"
    className="recipeImage h4 bold"
    name="testing"
    src="jest"
  />
  <h3
    className="recipeText"
  >
    testing
  </h3>
</div>
`;
